
> typecheck
> react-router typegen && tsc --noEmit

app/routes/app._index.tsx(35,3): error TS2724: '"@shopify/polaris-icons"' has no exported member named 'ChartHistogramIcon'. Did you mean 'ChartHistogramFlatIcon'?
app/routes/app._index.tsx(223,42): error TS2322: Type '"medium"' is not assignable to type 'Size | undefined'.
app/routes/app._index.tsx(305,35): error TS2322: Type '{ children: string; fullWidth: true; plain: true; onClick: () => void | Promise<void>; }' is not assignable to type 'IntrinsicAttributes & ButtonProps'.
  Property 'plain' does not exist on type 'IntrinsicAttributes & ButtonProps'.
app/routes/app.analytics.tsx(104,37): error TS2322: Type '"success" | "warning" | "critical"' is not assignable to type 'Tone | undefined'.
  Type '"warning"' is not assignable to type 'Tone | undefined'.
app/routes/app.settings.tsx(112,33): error TS2322: Type 'Dispatch<SetStateAction<"professional" | "casual" | "technical" | "creative">>' is not assignable to type '(selected: string, id: string) => void'.
  Types of parameters 'value' and 'selected' are incompatible.
    Type 'string' is not assignable to type 'SetStateAction<"professional" | "casual" | "technical" | "creative">'.
app/routes/app.settings.tsx(119,33): error TS2322: Type 'Dispatch<SetStateAction<"short" | "medium" | "long">>' is not assignable to type '(selected: string, id: string) => void'.
  Types of parameters 'value' and 'selected' are incompatible.
    Type 'string' is not assignable to type 'SetStateAction<"short" | "medium" | "long">'.
app/routes/app.settings.tsx(147,33): error TS2322: Type 'Dispatch<SetStateAction<number>>' is not assignable to type '(value: RangeSliderValue, id: string) => void'.
  Types of parameters 'value' and 'value' are incompatible.
    Type 'RangeSliderValue' is not assignable to type 'SetStateAction<number>'.
      Type 'DualValue' is not assignable to type 'SetStateAction<number>'.
app/routes/app.test-products.tsx(32,3): error TS2724: '"@shopify/polaris-icons"' has no exported member named 'ImageSimpleIcon'. Did you mean 'ImagesIcon'?
app/routes/app.test-products.tsx(102,9): error TS2322: Type 'FetchResponseBody<any>' is not assignable to type 'ProductsQueryResponse'.
  Property 'data' is optional in type 'FetchResponseBody<any>' but required in type 'ProductsQueryResponse'.
app/routes/app.test-products.tsx(151,9): error TS2322: Type 'FetchResponseBody<any>' is not assignable to type 'ProductsQueryResponse'.
  Property 'data' is optional in type 'FetchResponseBody<any>' but required in type 'ProductsQueryResponse'.
app/routes/app.test-products.tsx(390,34): error TS2322: Type 'number' is not assignable to type 'string'.
app/routes/app.test-products.tsx(422,73): error TS2322: Type 'number' is not assignable to type 'string'.
app/routes/app.test-products.tsx(445,14): error TS2304: Cannot find name 'ResourceList'.
app/routes/app.test-products.tsx(448,28): error TS7006: Parameter 'item' implicitly has an 'any' type.
app/routes/app.test-products.tsx(449,53): error TS7006: Parameter 'm' implicitly has an 'any' type.
app/routes/app.test-products.tsx(450,63): error TS7006: Parameter 'm' implicitly has an 'any' type.
app/routes/app.test-products.tsx(466,26): error TS2322: Type '{ children: any[]; tone: "warning"; }' is not assignable to type 'IntrinsicAttributes & BadgeProps'.
  Types of property 'children' are incompatible.
    Type 'any[]' is not assignable to type 'string'.
